src/components/driver/DriverOrderCard.tsx(106,11): error TS17002: Expected corresponding JSX closing tag for 'CardContent'.
src/pages/admin/UsersManagement.tsx(495,9): error TS17002: Expected corresponding JSX closing tag for 'div'.
src/pages/admin/UsersManagement.tsx(496,5): error TS1005: ')' expected.
src/pages/admin/UsersManagement.tsx(497,3): error TS1109: Expression expected.
src/pages/admin/UsersManagement.tsx(498,1): error TS1128: Declaration or statement expected.
src/pages/agency/AgencyDashboard.tsx(106,6): error TS17008: JSX element 'div' has no corresponding closing tag.
src/pages/agency/AgencyDashboard.tsx(425,1): error TS1381: Unexpected token. Did you mean `{'}'}` or `&rbrace;`?
src/pages/agency/AgencyDashboard.tsx(427,64): error TS1005: '}' expected.
src/pages/agency/AgencyDashboard.tsx(427,101): error TS1381: Unexpected token. Did you mean `{'}'}` or `&rbrace;`?
src/pages/agency/AgencyDashboard.tsx(427,110): error TS1382: Unexpected token. Did you mean `{'>'}` or `&gt;`?
src/pages/agency/AgencyDashboard.tsx(469,31): error TS1005: '}' expected.
src/pages/agency/AgencyDashboard.tsx(469,71): error TS1381: Unexpected token. Did you mean `{'}'}` or `&rbrace;`?
src/pages/agency/AgencyDashboard.tsx(469,80): error TS1382: Unexpected token. Did you mean `{'>'}` or `&gt;`?
src/pages/agency/AgencyDashboard.tsx(489,1): error TS1005: '</' expected.
